$ cd /workspace/shadcn-ui
$ pnpm i && pnpm run lint && pnpm run build

Lockfile is up to date, resolution step is skipped
Packages: +427
++++++++++++++++++++++++++++++++++++++++++++++++++++++++++++++++++++++++++++++++
.../node_modules/@swc/core postinstall$ node postinstall.js
.../node_modules/@swc/core postinstall: Done
.../esbuild@0.21.5/node_modules/esbuild postinstall$ node install.js
.../esbuild@0.25.8/node_modules/esbuild postinstall$ node install.js
.../esbuild@0.21.5/node_modules/esbuild postinstall: Done
.../esbuild@0.25.8/node_modules/esbuild postinstall: Done

Done in 1.7s

> shadcnui@ lint /workspace/shadcn-ui
> eslint --quiet ./src


/workspace/shadcn-ui/src/hooks/useRoom.ts
  82:59  error  Unexpected any. Specify a different type  @typescript-eslint/no-explicit-any
  85:23  error  Unexpected any. Specify a different type  @typescript-eslint/no-explicit-any

/workspace/shadcn-ui/src/lib/websocket.ts
   8:47  error  Unexpected any. Specify a different type  @typescript-eslint/no-explicit-any
  62:43  error  Unexpected any. Specify a different type  @typescript-eslint/no-explicit-any

/workspace/shadcn-ui/src/types/room.ts
  45:12  error  Unexpected any. Specify a different type  @typescript-eslint/no-explicit-any

✖ 5 problems (5 errors, 0 warnings)

 ELIFECYCLE  Command failed with exit code 1.
$ pnpm run lint


> shadcnui@ lint /workspace/shadcn-ui
> eslint --quiet ./src

$ pnpm run build


> shadcnui@ build /workspace/shadcn-ui
> vite build

vite v5.4.19 building for production...
transforming...
✓ 1677 modules transformed.
rendering chunks...
computing gzip size...
dist/index.html                   1.08 kB │ gzip:   0.50 kB
dist/assets/index-B0lfE6Mc.css   64.87 kB │ gzip:  11.25 kB
dist/assets/index-DKXo9iIg.js   369.75 kB │ gzip: 114.51 kB
✓ built in 5.23s
$ pnpm run lint && pnpm run build


> shadcnui@ lint /workspace/shadcn-ui
> eslint --quiet ./src


> shadcnui@ build /workspace/shadcn-ui
> vite build

vite v5.4.19 building for production...
transforming...
✓ 1677 modules transformed.
rendering chunks...
computing gzip size...
dist/index.html                   1.08 kB │ gzip:   0.50 kB
dist/assets/index-B0lfE6Mc.css   64.87 kB │ gzip:  11.25 kB
dist/assets/index-DC2kqyIm.js   370.56 kB │ gzip: 114.70 kB
✓ built in 5.44s
$ pnpm run lint && pnpm run build


> shadcnui@ lint /workspace/shadcn-ui
> eslint --quiet ./src


> shadcnui@ build /workspace/shadcn-ui
> vite build

vite v5.4.19 building for production...
transforming...
✓ 1677 modules transformed.
rendering chunks...
computing gzip size...
dist/index.html                   1.08 kB │ gzip:   0.50 kB
dist/assets/index-DdrKV9lC.css   64.80 kB │ gzip:  11.23 kB
dist/assets/index-X4QSpb5q.js   371.48 kB │ gzip: 114.58 kB
✓ built in 5.38s
